// Vitest Snapshot v1, https://vitest.dev/guide/snapshot.html

exports[`encodeQr — pinned matrix > matches the frozen version-1 matrix for a short URL 1`] = `
{
  "mask": 1,
  "rows": [
    "#######.#...#.#######",
    "#.....#..###..#.....#",
    "#.###.#.##..#.#.###.#",
    "#.###.#..#..#.#.###.#",
    "#.###.#..####.#.###.#",
    "#.....#.#.#...#.....#",
    "#######.#.#.#.#######",
    ".........#.#.........",
    "#.#...##.#.##..#..#.#",
    "....#....#..###.##.##",
    "...##.#.#...#..####.#",
    ".##.#..###.###.###...",
    "...##.##..#........#.",
    "........#...#.#.##..#",
    "#######.##.########.#",
    "#.....#..#.##...##..#",
    "#.###.#..##..#.#.....",
    "#.###.#..#..#####....",
    "#.###.#.#.#.##.######",
    "#.....#....###.###...",
    "#######.##.###.##...#",
  ],
  "version": 1,
}
`;
